_:18019bb75be5011348a783c254e5e5cd5a300 <http://www.w3.org/ns/shacl#conforms> "false"^^<http://www.w3.org/2001/XMLSchema#boolean> .
_:18019bb75be5011348a783c254e5e5cd5a300 <http://www.w3.org/1999/02/22-rdf-syntax-ns#type> <http://www.w3.org/ns/shacl#ValidationReport> .
_:18019bb75be5011348a783c254e5e5cd5a300 <http://rdf4j.org/schema/rdf4j#truncated> "false"^^<http://www.w3.org/2001/XMLSchema#boolean> .
_:18019bb75be5011348a783c254e5e5cd5a300 <http://www.w3.org/ns/shacl#result> _:28019bb75be5011348a783c254e5e5cd5a3001 .
_:28019bb75be5011348a783c254e5e5cd5a3001 <http://www.w3.org/1999/02/22-rdf-syntax-ns#type> <http://www.w3.org/ns/shacl#ValidationResult> .
_:28019bb75be5011348a783c254e5e5cd5a3001 <http://www.w3.org/ns/shacl#focusNode> <http://example.org/pump2> .
_:28019bb75be5011348a783c254e5e5cd5a3001 <http://rdf4j.org/shacl-extensions#dataGraph> <http://example.org/data/single-graph> .
_:28019bb75be5011348a783c254e5e5cd5a3001 <http://rdf4j.org/shacl-extensions#shapesGraph> <http://example.org/shapes/single-graph> .
_:28019bb75be5011348a783c254e5e5cd5a3001 <http://www.w3.org/ns/shacl#value> "12.0"^^<http://www.w3.org/2001/XMLSchema#decimal> .
_:28019bb75be5011348a783c254e5e5cd5a3001 <http://www.w3.org/ns/shacl#resultPath> <http://example.org/pressure> .
_:28019bb75be5011348a783c254e5e5cd5a3001 <http://www.w3.org/ns/shacl#sourceConstraintComponent> <http://www.w3.org/ns/shacl#MaxInclusiveConstraintComponent> .
_:28019bb75be5011348a783c254e5e5cd5a3001 <http://www.w3.org/ns/shacl#resultSeverity> <http://www.w3.org/ns/shacl#Violation> .
<http://example.org/PumpPressureShape> <http://www.w3.org/1999/02/22-rdf-syntax-ns#type> <http://www.w3.org/ns/shacl#PropertyShape> .
_:28019bb75be5011348a783c254e5e5cd5a3001 <http://www.w3.org/ns/shacl#sourceShape> <http://example.org/PumpPressureShape> .
<http://example.org/PumpPressureShape> <http://www.w3.org/ns/shacl#path> <http://example.org/pressure> .
<http://example.org/PumpPressureShape> <http://www.w3.org/ns/shacl#maxInclusive> "10.0"^^<http://www.w3.org/2001/XMLSchema#decimal> .
_:18019bb75be5011348a783c254e5e5cd5a300 <http://www.w3.org/ns/shacl#result> _:38019bb75be5011348a783c254e5e5cd5a30012 .
_:38019bb75be5011348a783c254e5e5cd5a30012 <http://www.w3.org/1999/02/22-rdf-syntax-ns#type> <http://www.w3.org/ns/shacl#ValidationResult> .
_:38019bb75be5011348a783c254e5e5cd5a30012 <http://www.w3.org/ns/shacl#focusNode> <http://example.org/pump4> .
_:38019bb75be5011348a783c254e5e5cd5a30012 <http://rdf4j.org/shacl-extensions#dataGraph> <http://example.org/data/single-graph> .
_:38019bb75be5011348a783c254e5e5cd5a30012 <http://rdf4j.org/shacl-extensions#shapesGraph> <http://example.org/shapes/single-graph> .
_:38019bb75be5011348a783c254e5e5cd5a30012 <http://www.w3.org/ns/shacl#value> "15.5"^^<http://www.w3.org/2001/XMLSchema#decimal> .
_:38019bb75be5011348a783c254e5e5cd5a30012 <http://www.w3.org/ns/shacl#resultPath> <http://example.org/pressure> .
_:38019bb75be5011348a783c254e5e5cd5a30012 <http://www.w3.org/ns/shacl#sourceConstraintComponent> <http://www.w3.org/ns/shacl#MaxInclusiveConstraintComponent> .
_:38019bb75be5011348a783c254e5e5cd5a30012 <http://www.w3.org/ns/shacl#resultSeverity> <http://www.w3.org/ns/shacl#Violation> .
_:38019bb75be5011348a783c254e5e5cd5a30012 <http://www.w3.org/ns/shacl#sourceShape> <http://example.org/PumpPressureShape> .
_:18019bb75be5011348a783c254e5e5cd5a300 <http://www.w3.org/ns/shacl#result> _:48019bb75be5011348a783c254e5e5cd5a300123 .
_:48019bb75be5011348a783c254e5e5cd5a300123 <http://www.w3.org/1999/02/22-rdf-syntax-ns#type> <http://www.w3.org/ns/shacl#ValidationResult> .
_:48019bb75be5011348a783c254e5e5cd5a300123 <http://www.w3.org/ns/shacl#focusNode> <http://example.org/pump5> .
_:48019bb75be5011348a783c254e5e5cd5a300123 <http://rdf4j.org/shacl-extensions#dataGraph> <http://example.org/data/single-graph> .
_:48019bb75be5011348a783c254e5e5cd5a300123 <http://rdf4j.org/shacl-extensions#shapesGraph> <http://example.org/shapes/single-graph> .
_:48019bb75be5011348a783c254e5e5cd5a300123 <http://www.w3.org/ns/shacl#value> "11.0"^^<http://www.w3.org/2001/XMLSchema#decimal> .
_:48019bb75be5011348a783c254e5e5cd5a300123 <http://www.w3.org/ns/shacl#resultPath> <http://example.org/pressure> .
_:48019bb75be5011348a783c254e5e5cd5a300123 <http://www.w3.org/ns/shacl#sourceConstraintComponent> <http://www.w3.org/ns/shacl#MaxInclusiveConstraintComponent> .
_:48019bb75be5011348a783c254e5e5cd5a300123 <http://www.w3.org/ns/shacl#resultSeverity> <http://www.w3.org/ns/shacl#Violation> .
_:48019bb75be5011348a783c254e5e5cd5a300123 <http://www.w3.org/ns/shacl#sourceShape> <http://example.org/PumpPressureShape> .
_:18019bb75be5011348a783c254e5e5cd5a300 <http://www.w3.org/ns/shacl#result> _:58019bb75be5011348a783c254e5e5cd5a3001234 .
_:58019bb75be5011348a783c254e5e5cd5a3001234 <http://www.w3.org/1999/02/22-rdf-syntax-ns#type> <http://www.w3.org/ns/shacl#ValidationResult> .
_:58019bb75be5011348a783c254e5e5cd5a3001234 <http://www.w3.org/ns/shacl#focusNode> <http://example.org/pump7> .
_:58019bb75be5011348a783c254e5e5cd5a3001234 <http://rdf4j.org/shacl-extensions#dataGraph> <http://example.org/data/single-graph> .
_:58019bb75be5011348a783c254e5e5cd5a3001234 <http://rdf4j.org/shacl-extensions#shapesGraph> <http://example.org/shapes/single-graph> .
_:58019bb75be5011348a783c254e5e5cd5a3001234 <http://www.w3.org/ns/shacl#value> "13.0"^^<http://www.w3.org/2001/XMLSchema#decimal> .
_:58019bb75be5011348a783c254e5e5cd5a3001234 <http://www.w3.org/ns/shacl#resultPath> <http://example.org/pressure> .
_:58019bb75be5011348a783c254e5e5cd5a3001234 <http://www.w3.org/ns/shacl#sourceConstraintComponent> <http://www.w3.org/ns/shacl#MaxInclusiveConstraintComponent> .
_:58019bb75be5011348a783c254e5e5cd5a3001234 <http://www.w3.org/ns/shacl#resultSeverity> <http://www.w3.org/ns/shacl#Violation> .
_:58019bb75be5011348a783c254e5e5cd5a3001234 <http://www.w3.org/ns/shacl#sourceShape> <http://example.org/PumpPressureShape> .
_:18019bb75be5011348a783c254e5e5cd5a300 <http://www.w3.org/ns/shacl#result> _:68019bb75be5011348a783c254e5e5cd5a30012345 .
_:68019bb75be5011348a783c254e5e5cd5a30012345 <http://www.w3.org/1999/02/22-rdf-syntax-ns#type> <http://www.w3.org/ns/shacl#ValidationResult> .
_:68019bb75be5011348a783c254e5e5cd5a30012345 <http://www.w3.org/ns/shacl#focusNode> <http://example.org/pump9> .
_:68019bb75be5011348a783c254e5e5cd5a30012345 <http://rdf4j.org/shacl-extensions#dataGraph> <http://example.org/data/single-graph> .
_:68019bb75be5011348a783c254e5e5cd5a30012345 <http://rdf4j.org/shacl-extensions#shapesGraph> <http://example.org/shapes/single-graph> .
_:68019bb75be5011348a783c254e5e5cd5a30012345 <http://www.w3.org/ns/shacl#value> "16.0"^^<http://www.w3.org/2001/XMLSchema#decimal> .
_:68019bb75be5011348a783c254e5e5cd5a30012345 <http://www.w3.org/ns/shacl#resultPath> <http://example.org/pressure> .
_:68019bb75be5011348a783c254e5e5cd5a30012345 <http://www.w3.org/ns/shacl#sourceConstraintComponent> <http://www.w3.org/ns/shacl#MaxInclusiveConstraintComponent> .
_:68019bb75be5011348a783c254e5e5cd5a30012345 <http://www.w3.org/ns/shacl#resultSeverity> <http://www.w3.org/ns/shacl#Violation> .
_:68019bb75be5011348a783c254e5e5cd5a30012345 <http://www.w3.org/ns/shacl#sourceShape> <http://example.org/PumpPressureShape> .
_:18019bb75be5011348a783c254e5e5cd5a300 <http://www.w3.org/ns/shacl#result> _:78019bb75be5011348a783c254e5e5cd5a300123456 .
_:78019bb75be5011348a783c254e5e5cd5a300123456 <http://www.w3.org/1999/02/22-rdf-syntax-ns#type> <http://www.w3.org/ns/shacl#ValidationResult> .
_:78019bb75be5011348a783c254e5e5cd5a300123456 <http://www.w3.org/ns/shacl#focusNode> <http://example.org/pump10> .
_:78019bb75be5011348a783c254e5e5cd5a300123456 <http://rdf4j.org/shacl-extensions#dataGraph> <http://example.org/data/single-graph> .
_:78019bb75be5011348a783c254e5e5cd5a300123456 <http://rdf4j.org/shacl-extensions#shapesGraph> <http://example.org/shapes/single-graph> .
_:78019bb75be5011348a783c254e5e5cd5a300123456 <http://www.w3.org/ns/shacl#value> "10.5"^^<http://www.w3.org/2001/XMLSchema#decimal> .
_:78019bb75be5011348a783c254e5e5cd5a300123456 <http://www.w3.org/ns/shacl#resultPath> <http://example.org/pressure> .
_:78019bb75be5011348a783c254e5e5cd5a300123456 <http://www.w3.org/ns/shacl#sourceConstraintComponent> <http://www.w3.org/ns/shacl#MaxInclusiveConstraintComponent> .
_:78019bb75be5011348a783c254e5e5cd5a300123456 <http://www.w3.org/ns/shacl#resultSeverity> <http://www.w3.org/ns/shacl#Violation> .
_:78019bb75be5011348a783c254e5e5cd5a300123456 <http://www.w3.org/ns/shacl#sourceShape> <http://example.org/PumpPressureShape> .
_:18019bb75be5011348a783c254e5e5cd5a300 <http://www.w3.org/ns/shacl#result> _:88019bb75be5011348a783c254e5e5cd5a3001234567 .
_:88019bb75be5011348a783c254e5e5cd5a3001234567 <http://www.w3.org/1999/02/22-rdf-syntax-ns#type> <http://www.w3.org/ns/shacl#ValidationResult> .
_:88019bb75be5011348a783c254e5e5cd5a3001234567 <http://www.w3.org/ns/shacl#focusNode> <http://example.org/pump3> .
_:88019bb75be5011348a783c254e5e5cd5a3001234567 <http://rdf4j.org/shacl-extensions#dataGraph> <http://example.org/data/single-graph> .
_:88019bb75be5011348a783c254e5e5cd5a3001234567 <http://rdf4j.org/shacl-extensions#shapesGraph> <http://example.org/shapes/single-graph> .
_:88019bb75be5011348a783c254e5e5cd5a3001234567 <http://www.w3.org/ns/shacl#resultPath> <http://example.org/serial> .
_:88019bb75be5011348a783c254e5e5cd5a3001234567 <http://www.w3.org/ns/shacl#sourceConstraintComponent> <http://www.w3.org/ns/shacl#MinCountConstraintComponent> .
_:88019bb75be5011348a783c254e5e5cd5a3001234567 <http://www.w3.org/ns/shacl#resultSeverity> <http://www.w3.org/ns/shacl#Violation> .
<http://example.org/PumpSerialShape> <http://www.w3.org/1999/02/22-rdf-syntax-ns#type> <http://www.w3.org/ns/shacl#PropertyShape> .
_:88019bb75be5011348a783c254e5e5cd5a3001234567 <http://www.w3.org/ns/shacl#sourceShape> <http://example.org/PumpSerialShape> .
<http://example.org/PumpSerialShape> <http://www.w3.org/ns/shacl#path> <http://example.org/serial> .
<http://example.org/PumpSerialShape> <http://www.w3.org/ns/shacl#minCount> "1"^^<http://www.w3.org/2001/XMLSchema#integer> .
_:18019bb75be5011348a783c254e5e5cd5a300 <http://www.w3.org/ns/shacl#result> _:98019bb75be5011348a783c254e5e5cd5a30012345678 .
_:98019bb75be5011348a783c254e5e5cd5a30012345678 <http://www.w3.org/1999/02/22-rdf-syntax-ns#type> <http://www.w3.org/ns/shacl#ValidationResult> .
_:98019bb75be5011348a783c254e5e5cd5a30012345678 <http://www.w3.org/ns/shacl#focusNode> <http://example.org/pump6> .
_:98019bb75be5011348a783c254e5e5cd5a30012345678 <http://rdf4j.org/shacl-extensions#dataGraph> <http://example.org/data/single-graph> .
_:98019bb75be5011348a783c254e5e5cd5a30012345678 <http://rdf4j.org/shacl-extensions#shapesGraph> <http://example.org/shapes/single-graph> .
_:98019bb75be5011348a783c254e5e5cd5a30012345678 <http://www.w3.org/ns/shacl#resultPath> <http://example.org/serial> .
_:98019bb75be5011348a783c254e5e5cd5a30012345678 <http://www.w3.org/ns/shacl#sourceConstraintComponent> <http://www.w3.org/ns/shacl#MinCountConstraintComponent> .
_:98019bb75be5011348a783c254e5e5cd5a30012345678 <http://www.w3.org/ns/shacl#resultSeverity> <http://www.w3.org/ns/shacl#Violation> .
_:98019bb75be5011348a783c254e5e5cd5a30012345678 <http://www.w3.org/ns/shacl#sourceShape> <http://example.org/PumpSerialShape> .
_:18019bb75be5011348a783c254e5e5cd5a300 <http://www.w3.org/ns/shacl#result> _:09019bb75be5011348a783c254e5e5cd5a30 .
_:09019bb75be5011348a783c254e5e5cd5a30 <http://www.w3.org/1999/02/22-rdf-syntax-ns#type> <http://www.w3.org/ns/shacl#ValidationResult> .
_:09019bb75be5011348a783c254e5e5cd5a30 <http://www.w3.org/ns/shacl#focusNode> <http://example.org/pump9> .
_:09019bb75be5011348a783c254e5e5cd5a30 <http://rdf4j.org/shacl-extensions#dataGraph> <http://example.org/data/single-graph> .
_:09019bb75be5011348a783c254e5e5cd5a30 <http://rdf4j.org/shacl-extensions#shapesGraph> <http://example.org/shapes/single-graph> .
_:09019bb75be5011348a783c254e5e5cd5a30 <http://www.w3.org/ns/shacl#resultPath> <http://example.org/serial> .
_:09019bb75be5011348a783c254e5e5cd5a30 <http://www.w3.org/ns/shacl#sourceConstraintComponent> <http://www.w3.org/ns/shacl#MinCountConstraintComponent> .
_:09019bb75be5011348a783c254e5e5cd5a30 <http://www.w3.org/ns/shacl#resultSeverity> <http://www.w3.org/ns/shacl#Violation> .
_:09019bb75be5011348a783c254e5e5cd5a30 <http://www.w3.org/ns/shacl#sourceShape> <http://example.org/PumpSerialShape> .
_:18019bb75be5011348a783c254e5e5cd5a300 <http://www.w3.org/ns/shacl#result> _:19019bb75be5011348a783c254e5e5cd5a300 .
_:19019bb75be5011348a783c254e5e5cd5a300 <http://www.w3.org/1999/02/22-rdf-syntax-ns#type> <http://www.w3.org/ns/shacl#ValidationResult> .
_:19019bb75be5011348a783c254e5e5cd5a300 <http://www.w3.org/ns/shacl#focusNode> <http://example.org/pump12> .
_:19019bb75be5011348a783c254e5e5cd5a300 <http://rdf4j.org/shacl-extensions#dataGraph> <http://example.org/data/single-graph> .
_:19019bb75be5011348a783c254e5e5cd5a300 <http://rdf4j.org/shacl-extensions#shapesGraph> <http://example.org/shapes/single-graph> .
_:19019bb75be5011348a783c254e5e5cd5a300 <http://www.w3.org/ns/shacl#resultPath> <http://example.org/serial> .
_:19019bb75be5011348a783c254e5e5cd5a300 <http://www.w3.org/ns/shacl#sourceConstraintComponent> <http://www.w3.org/ns/shacl#MinCountConstraintComponent> .
_:19019bb75be5011348a783c254e5e5cd5a300 <http://www.w3.org/ns/shacl#resultSeverity> <http://www.w3.org/ns/shacl#Violation> .
_:19019bb75be5011348a783c254e5e5cd5a300 <http://www.w3.org/ns/shacl#sourceShape> <http://example.org/PumpSerialShape> .
